[22Mar2025 00:07:41.056] [Server thread/INFO] [net.minecraft.server.MinecraftServer/]: [Alphabeath: Teleported Alphabeath to -3348.500000, 67.500000, -3136.500000]
[22Mar2025 00:23:45.226] [Server thread/INFO] [net.minecraft.server.network.ServerGamePacketListenerImpl/]: narum0000 lost connection: Disconnected
[22Mar2025 00:23:45.230] [Server thread/INFO] [net.minecraft.server.MinecraftServer/]: narum0000 left the game
[22Mar2025 00:23:48.322] [Server thread/INFO] [net.minecraft.server.network.ServerGamePacketListenerImpl/]: Alphabeath lost connection: Disconnected
[22Mar2025 00:23:48.323] [Server thread/INFO] [net.minecraft.server.MinecraftServer/]: Alphabeath left the game
[22Mar2025 00:23:54.026] [Server thread/INFO] [net.minecraft.server.MinecraftServer/]: Stopping the server
[22Mar2025 00:23:54.089] [Server thread/INFO] [net.minecraft.server.MinecraftServer/]: Stopping server
[22Mar2025 00:23:54.091] [Server thread/INFO] [net.minecraft.server.MinecraftServer/]: Saving players
[22Mar2025 00:23:54.091] [Server thread/INFO] [net.minecraft.server.MinecraftServer/]: Saving worlds
[22Mar2025 00:23:54.140] [Server thread/INFO] [net.minecraft.server.MinecraftServer/]: Saving chunks for level 'ServerLevel[world]'/minecraft:overworld
[22Mar2025 00:23:54.785] [Server thread/INFO] [net.minecraft.server.MinecraftServer/]: Saving chunks for level 'ServerLevel[world]'/blue_skies:everdawn
[22Mar2025 00:23:54.786] [Server thread/INFO] [net.minecraft.server.MinecraftServer/]: Saving chunks for level 'ServerLevel[world]'/minecraft:the_end
[22Mar2025 00:23:54.787] [Server thread/INFO] [net.minecraft.server.MinecraftServer/]: Saving chunks for level 'ServerLevel[world]'/blue_skies:everbright
[22Mar2025 00:23:54.788] [Server thread/INFO] [net.minecraft.server.MinecraftServer/]: Saving chunks for level 'ServerLevel[world]'/aether:the_aether
[22Mar2025 00:23:54.788] [Server thread/INFO] [net.minecraft.server.MinecraftServer/]: Saving chunks for level 'ServerLevel[world]'/twilightforest:twilight_forest
[22Mar2025 00:23:54.789] [Server thread/INFO] [net.minecraft.server.MinecraftServer/]: Saving chunks for level 'ServerLevel[world]'/minecraft:the_nether
[22Mar2025 00:23:54.789] [Server thread/INFO] [net.minecraft.server.MinecraftServer/]: Saving chunks for level 'ServerLevel[world]'/deeperdarker:otherside
[22Mar2025 00:23:54.948] [Server thread/INFO] [net.minecraft.server.MinecraftServer/]: ThreadedAnvilChunkStorage (world): All chunks are saved
[22Mar2025 00:23:54.948] [Server thread/INFO] [net.minecraft.server.MinecraftServer/]: ThreadedAnvilChunkStorage (everdawn): All chunks are saved
[22Mar2025 00:23:54.948] [Server thread/INFO] [net.minecraft.server.MinecraftServer/]: ThreadedAnvilChunkStorage (DIM1): All chunks are saved
[22Mar2025 00:23:54.948] [Server thread/INFO] [net.minecraft.server.MinecraftServer/]: ThreadedAnvilChunkStorage (everbright): All chunks are saved
[22Mar2025 00:23:54.948] [Server thread/INFO] [net.minecraft.server.MinecraftServer/]: ThreadedAnvilChunkStorage (the_aether): All chunks are saved
[22Mar2025 00:23:54.948] [Server thread/INFO] [net.minecraft.server.MinecraftServer/]: ThreadedAnvilChunkStorage (twilight_forest): All chunks are saved
[22Mar2025 00:23:54.948] [Server thread/INFO] [net.minecraft.server.MinecraftServer/]: ThreadedAnvilChunkStorage (DIM-1): All chunks are saved
[22Mar2025 00:23:54.949] [Server thread/INFO] [net.minecraft.server.MinecraftServer/]: ThreadedAnvilChunkStorage (otherside): All chunks are saved
[22Mar2025 00:23:54.949] [Server thread/INFO] [net.minecraft.server.MinecraftServer/]: ThreadedAnvilChunkStorage: All dimensions are saved
[22Mar2025 00:23:55.242] [Server thread/INFO] [FTB Chunks/]: Shutting down map thread
[22Mar2025 00:23:55.263] [Server thread/INFO] [Calio/]: Removing Dynamic Registries for: net.minecraft.server.dedicated.DedicatedServer@5d7f8798
[22Mar2025 00:23:55.269] [Server thread/ERROR] [fuzs.nightconfigfixes.config.CheckedConfigFileTypeHandler/]: Failed to remove config /home/bryan/Minecraft-Medieval-RPG/config/apoli-server.toml from tracker!
java.lang.NullPointerException: Cannot read field "watchedFileCount" because "watchedDir" is null
	at com.electronwill.nightconfig.core.file.FileWatcher.removeWatch(FileWatcher.java:134) ~[core-3.6.4.jar%2356!/:?]
	at fuzs.nightconfigfixes.config.CheckedConfigFileTypeHandler.unload(CheckedConfigFileTypeHandler.java:137) ~[NightConfigFixes-v4.0.7-1.19.2-Forge.jar%23566!/:4.0.7]
	at net.minecraftforge.fml.config.ConfigTracker.closeConfig(ConfigTracker.java:70) ~[fmlcore-1.19.2-43.3.5.jar%23662!/:?]
	at net.minecraftforge.fml.config.ConfigTracker.lambda$unloadConfigs$2(ConfigTracker.java:55) ~[fmlcore-1.19.2-43.3.5.jar%23662!/:?]
	at java.lang.Iterable.forEach(Iterable.java:75) ~[?:?]
	at java.util.Collections$SynchronizedCollection.forEach(Collections.java:2351) ~[?:?]
	at net.minecraftforge.fml.config.ConfigTracker.unloadConfigs(ConfigTracker.java:55) ~[fmlcore-1.19.2-43.3.5.jar%23662!/:?]
	at net.minecraftforge.server.ServerLifecycleHooks.handleServerStopped(ServerLifecycleHooks.java:137) ~[forge-1.19.2-43.3.5-universal.jar%23666!/:?]
	at net.minecraft.server.MinecraftServer.m_130011_(MinecraftServer.java:690) ~[server-1.19.2-20220805.130853-srg.jar%23661!/:?]
	at net.minecraft.server.MinecraftServer.m_206580_(MinecraftServer.java:244) ~[server-1.19.2-20220805.130853-srg.jar%23661!/:?]
	at java.lang.Thread.run(Thread.java:1583) [?:?]
[22Mar2025 00:23:55.275] [Server thread/ERROR] [fuzs.nightconfigfixes.config.CheckedConfigFileTypeHandler/]: Failed to remove config /home/bryan/Minecraft-Medieval-RPG/config/oriacs-server.toml from tracker!
java.lang.NullPointerException: Cannot read field "watchedFileCount" because "watchedDir" is null
	at com.electronwill.nightconfig.core.file.FileWatcher.removeWatch(FileWatcher.java:134) ~[core-3.6.4.jar%2356!/:?]
	at fuzs.nightconfigfixes.config.CheckedConfigFileTypeHandler.unload(CheckedConfigFileTypeHandler.java:137) ~[NightConfigFixes-v4.0.7-1.19.2-Forge.jar%23566!/:4.0.7]
	at net.minecraftforge.fml.config.ConfigTracker.closeConfig(ConfigTracker.java:70) ~[fmlcore-1.19.2-43.3.5.jar%23662!/:?]
	at net.minecraftforge.fml.config.ConfigTracker.lambda$unloadConfigs$2(ConfigTracker.java:55) ~[fmlcore-1.19.2-43.3.5.jar%23662!/:?]
	at java.lang.Iterable.forEach(Iterable.java:75) ~[?:?]
	at java.util.Collections$SynchronizedCollection.forEach(Collections.java:2351) ~[?:?]
	at net.minecraftforge.fml.config.ConfigTracker.unloadConfigs(ConfigTracker.java:55) ~[fmlcore-1.19.2-43.3.5.jar%23662!/:?]
	at net.minecraftforge.server.ServerLifecycleHooks.handleServerStopped(ServerLifecycleHooks.java:137) ~[forge-1.19.2-43.3.5-universal.jar%23666!/:?]
	at net.minecraft.server.MinecraftServer.m_130011_(MinecraftServer.java:690) ~[server-1.19.2-20220805.130853-srg.jar%23661!/:?]
	at net.minecraft.server.MinecraftServer.m_206580_(MinecraftServer.java:244) ~[server-1.19.2-20220805.130853-srg.jar%23661!/:?]
	at java.lang.Thread.run(Thread.java:1583) [?:?]
[22Mar2025 00:23:55.276] [Server thread/ERROR] [fuzs.nightconfigfixes.config.CheckedConfigFileTypeHandler/]: Failed to remove config /home/bryan/Minecraft-Medieval-RPG/config/upgradednetherite_items-server.toml from tracker!
java.lang.NullPointerException: Cannot read field "watchedFileCount" because "watchedDir" is null
	at com.electronwill.nightconfig.core.file.FileWatcher.removeWatch(FileWatcher.java:134) ~[core-3.6.4.jar%2356!/:?]
	at fuzs.nightconfigfixes.config.CheckedConfigFileTypeHandler.unload(CheckedConfigFileTypeHandler.java:137) ~[NightConfigFixes-v4.0.7-1.19.2-Forge.jar%23566!/:4.0.7]
	at net.minecraftforge.fml.config.ConfigTracker.closeConfig(ConfigTracker.java:70) ~[fmlcore-1.19.2-43.3.5.jar%23662!/:?]
	at net.minecraftforge.fml.config.ConfigTracker.lambda$unloadConfigs$2(ConfigTracker.java:55) ~[fmlcore-1.19.2-43.3.5.jar%23662!/:?]
	at java.lang.Iterable.forEach(Iterable.java:75) ~[?:?]
	at java.util.Collections$SynchronizedCollection.forEach(Collections.java:2351) ~[?:?]
	at net.minecraftforge.fml.config.ConfigTracker.unloadConfigs(ConfigTracker.java:55) ~[fmlcore-1.19.2-43.3.5.jar%23662!/:?]
	at net.minecraftforge.server.ServerLifecycleHooks.handleServerStopped(ServerLifecycleHooks.java:137) ~[forge-1.19.2-43.3.5-universal.jar%23666!/:?]
	at net.minecraft.server.MinecraftServer.m_130011_(MinecraftServer.java:690) ~[server-1.19.2-20220805.130853-srg.jar%23661!/:?]
	at net.minecraft.server.MinecraftServer.m_206580_(MinecraftServer.java:244) ~[server-1.19.2-20220805.130853-srg.jar%23661!/:?]
	at java.lang.Thread.run(Thread.java:1583) [?:?]
[22Mar2025 00:23:55.278] [Server thread/ERROR] [fuzs.nightconfigfixes.config.CheckedConfigFileTypeHandler/]: Failed to remove config /home/bryan/Minecraft-Medieval-RPG/config/solapplepie-server.toml from tracker!
java.lang.NullPointerException: Cannot read field "watchedFileCount" because "watchedDir" is null
	at com.electronwill.nightconfig.core.file.FileWatcher.removeWatch(FileWatcher.java:134) ~[core-3.6.4.jar%2356!/:?]
	at fuzs.nightconfigfixes.config.CheckedConfigFileTypeHandler.unload(CheckedConfigFileTypeHandler.java:137) ~[NightConfigFixes-v4.0.7-1.19.2-Forge.jar%23566!/:4.0.7]
	at net.minecraftforge.fml.config.ConfigTracker.closeConfig(ConfigTracker.java:70) ~[fmlcore-1.19.2-43.3.5.jar%23662!/:?]
	at net.minecraftforge.fml.config.ConfigTracker.lambda$unloadConfigs$2(ConfigTracker.java:55) ~[fmlcore-1.19.2-43.3.5.jar%23662!/:?]
	at java.lang.Iterable.forEach(Iterable.java:75) ~[?:?]
	at java.util.Collections$SynchronizedCollection.forEach(Collections.java:2351) ~[?:?]
	at net.minecraftforge.fml.config.ConfigTracker.unloadConfigs(ConfigTracker.java:55) ~[fmlcore-1.19.2-43.3.5.jar%23662!/:?]
	at net.minecraftforge.server.ServerLifecycleHooks.handleServerStopped(ServerLifecycleHooks.java:137) ~[forge-1.19.2-43.3.5-universal.jar%23666!/:?]
	at net.minecraft.server.MinecraftServer.m_130011_(MinecraftServer.java:690) ~[server-1.19.2-20220805.130853-srg.jar%23661!/:?]
	at net.minecraft.server.MinecraftServer.m_206580_(MinecraftServer.java:244) ~[server-1.19.2-20220805.130853-srg.jar%23661!/:?]
	at java.lang.Thread.run(Thread.java:1583) [?:?]
[22Mar2025 00:23:55.279] [Server thread/ERROR] [fuzs.nightconfigfixes.config.CheckedConfigFileTypeHandler/]: Failed to remove config /home/bryan/Minecraft-Medieval-RPG/config/corpse-server.toml from tracker!
java.lang.NullPointerException: Cannot read field "watchedFileCount" because "watchedDir" is null
	at com.electronwill.nightconfig.core.file.FileWatcher.removeWatch(FileWatcher.java:134) ~[core-3.6.4.jar%2356!/:?]
	at fuzs.nightconfigfixes.config.CheckedConfigFileTypeHandler.unload(CheckedConfigFileTypeHandler.java:137) ~[NightConfigFixes-v4.0.7-1.19.2-Forge.jar%23566!/:4.0.7]
	at net.minecraftforge.fml.config.ConfigTracker.closeConfig(ConfigTracker.java:70) ~[fmlcore-1.19.2-43.3.5.jar%23662!/:?]
	at net.minecraftforge.fml.config.ConfigTracker.lambda$unloadConfigs$2(ConfigTracker.java:55) ~[fmlcore-1.19.2-43.3.5.jar%23662!/:?]
	at java.lang.Iterable.forEach(Iterable.java:75) ~[?:?]
	at java.util.Collections$SynchronizedCollection.forEach(Collections.java:2351) ~[?:?]
	at net.minecraftforge.fml.config.ConfigTracker.unloadConfigs(ConfigTracker.java:55) ~[fmlcore-1.19.2-43.3.5.jar%23662!/:?]
	at net.minecraftforge.server.ServerLifecycleHooks.handleServerStopped(ServerLifecycleHooks.java:137) ~[forge-1.19.2-43.3.5-universal.jar%23666!/:?]
	at net.minecraft.server.MinecraftServer.m_130011_(MinecraftServer.java:690) ~[server-1.19.2-20220805.130853-srg.jar%23661!/:?]
	at net.minecraft.server.MinecraftServer.m_206580_(MinecraftServer.java:244) ~[server-1.19.2-20220805.130853-srg.jar%23661!/:?]
	at java.lang.Thread.run(Thread.java:1583) [?:?]
[22Mar2025 00:23:55.285] [Server thread/ERROR] [fuzs.nightconfigfixes.config.CheckedConfigFileTypeHandler/]: Failed to remove config /home/bryan/Minecraft-Medieval-RPG/config/upgradednetherite-server.toml from tracker!
java.lang.NullPointerException: Cannot read field "watchedFileCount" because "watchedDir" is null
	at com.electronwill.nightconfig.core.file.FileWatcher.removeWatch(FileWatcher.java:134) ~[core-3.6.4.jar%2356!/:?]
	at fuzs.nightconfigfixes.config.CheckedConfigFileTypeHandler.unload(CheckedConfigFileTypeHandler.java:137) ~[NightConfigFixes-v4.0.7-1.19.2-Forge.jar%23566!/:4.0.7]
	at net.minecraftforge.fml.config.ConfigTracker.closeConfig(ConfigTracker.java:70) ~[fmlcore-1.19.2-43.3.5.jar%23662!/:?]
	at net.minecraftforge.fml.config.ConfigTracker.lambda$unloadConfigs$2(ConfigTracker.java:55) ~[fmlcore-1.19.2-43.3.5.jar%23662!/:?]
	at java.lang.Iterable.forEach(Iterable.java:75) ~[?:?]
	at java.util.Collections$SynchronizedCollection.forEach(Collections.java:2351) ~[?:?]
	at net.minecraftforge.fml.config.ConfigTracker.unloadConfigs(ConfigTracker.java:55) ~[fmlcore-1.19.2-43.3.5.jar%23662!/:?]
	at net.minecraftforge.server.ServerLifecycleHooks.handleServerStopped(ServerLifecycleHooks.java:137) ~[forge-1.19.2-43.3.5-universal.jar%23666!/:?]
	at net.minecraft.server.MinecraftServer.m_130011_(MinecraftServer.java:690) ~[server-1.19.2-20220805.130853-srg.jar%23661!/:?]
	at net.minecraft.server.MinecraftServer.m_206580_(MinecraftServer.java:244) ~[server-1.19.2-20220805.130853-srg.jar%23661!/:?]
	at java.lang.Thread.run(Thread.java:1583) [?:?]
[22Mar2025 00:23:55.287] [Server thread/ERROR] [fuzs.nightconfigfixes.config.CheckedConfigFileTypeHandler/]: Failed to remove config /home/bryan/Minecraft-Medieval-RPG/config/curios-server.toml from tracker!
java.lang.NullPointerException: Cannot read field "watchedFileCount" because "watchedDir" is null
	at com.electronwill.nightconfig.core.file.FileWatcher.removeWatch(FileWatcher.java:134) ~[core-3.6.4.jar%2356!/:?]
	at fuzs.nightconfigfixes.config.CheckedConfigFileTypeHandler.unload(CheckedConfigFileTypeHandler.java:137) ~[NightConfigFixes-v4.0.7-1.19.2-Forge.jar%23566!/:4.0.7]
	at net.minecraftforge.fml.config.ConfigTracker.closeConfig(ConfigTracker.java:70) ~[fmlcore-1.19.2-43.3.5.jar%23662!/:?]
	at net.minecraftforge.fml.config.ConfigTracker.lambda$unloadConfigs$2(ConfigTracker.java:55) ~[fmlcore-1.19.2-43.3.5.jar%23662!/:?]
	at java.lang.Iterable.forEach(Iterable.java:75) ~[?:?]
	at java.util.Collections$SynchronizedCollection.forEach(Collections.java:2351) ~[?:?]
	at net.minecraftforge.fml.config.ConfigTracker.unloadConfigs(ConfigTracker.java:55) ~[fmlcore-1.19.2-43.3.5.jar%23662!/:?]
	at net.minecraftforge.server.ServerLifecycleHooks.handleServerStopped(ServerLifecycleHooks.java:137) ~[forge-1.19.2-43.3.5-universal.jar%23666!/:?]
	at net.minecraft.server.MinecraftServer.m_130011_(MinecraftServer.java:690) ~[server-1.19.2-20220805.130853-srg.jar%23661!/:?]
	at net.minecraft.server.MinecraftServer.m_206580_(MinecraftServer.java:244) ~[server-1.19.2-20220805.130853-srg.jar%23661!/:?]
	at java.lang.Thread.run(Thread.java:1583) [?:?]
[22Mar2025 00:23:55.289] [Server thread/ERROR] [fuzs.nightconfigfixes.config.CheckedConfigFileTypeHandler/]: Failed to remove config /home/bryan/Minecraft-Medieval-RPG/config/constructionwand-server.toml from tracker!
java.lang.NullPointerException: Cannot read field "watchedFileCount" because "watchedDir" is null
	at com.electronwill.nightconfig.core.file.FileWatcher.removeWatch(FileWatcher.java:134) ~[core-3.6.4.jar%2356!/:?]
	at fuzs.nightconfigfixes.config.CheckedConfigFileTypeHandler.unload(CheckedConfigFileTypeHandler.java:137) ~[NightConfigFixes-v4.0.7-1.19.2-Forge.jar%23566!/:4.0.7]
	at net.minecraftforge.fml.config.ConfigTracker.closeConfig(ConfigTracker.java:70) ~[fmlcore-1.19.2-43.3.5.jar%23662!/:?]
	at net.minecraftforge.fml.config.ConfigTracker.lambda$unloadConfigs$2(ConfigTracker.java:55) ~[fmlcore-1.19.2-43.3.5.jar%23662!/:?]
	at java.lang.Iterable.forEach(Iterable.java:75) ~[?:?]
	at java.util.Collections$SynchronizedCollection.forEach(Collections.java:2351) ~[?:?]
	at net.minecraftforge.fml.config.ConfigTracker.unloadConfigs(ConfigTracker.java:55) ~[fmlcore-1.19.2-43.3.5.jar%23662!/:?]
	at net.minecraftforge.server.ServerLifecycleHooks.handleServerStopped(ServerLifecycleHooks.java:137) ~[forge-1.19.2-43.3.5-universal.jar%23666!/:?]
	at net.minecraft.server.MinecraftServer.m_130011_(MinecraftServer.java:690) ~[server-1.19.2-20220805.130853-srg.jar%23661!/:?]
	at net.minecraft.server.MinecraftServer.m_206580_(MinecraftServer.java:244) ~[server-1.19.2-20220805.130853-srg.jar%23661!/:?]
	at java.lang.Thread.run(Thread.java:1583) [?:?]
[22Mar2025 00:23:55.290] [Server thread/ERROR] [fuzs.nightconfigfixes.config.CheckedConfigFileTypeHandler/]: Failed to remove config /home/bryan/Minecraft-Medieval-RPG/config/toms_storage-server.toml from tracker!
java.lang.NullPointerException: Cannot read field "watchedFileCount" because "watchedDir" is null
	at com.electronwill.nightconfig.core.file.FileWatcher.removeWatch(FileWatcher.java:134) ~[core-3.6.4.jar%2356!/:?]
	at fuzs.nightconfigfixes.config.CheckedConfigFileTypeHandler.unload(CheckedConfigFileTypeHandler.java:137) ~[NightConfigFixes-v4.0.7-1.19.2-Forge.jar%23566!/:4.0.7]
	at net.minecraftforge.fml.config.ConfigTracker.closeConfig(ConfigTracker.java:70) ~[fmlcore-1.19.2-43.3.5.jar%23662!/:?]
	at net.minecraftforge.fml.config.ConfigTracker.lambda$unloadConfigs$2(ConfigTracker.java:55) ~[fmlcore-1.19.2-43.3.5.jar%23662!/:?]
	at java.lang.Iterable.forEach(Iterable.java:75) ~[?:?]
	at java.util.Collections$SynchronizedCollection.forEach(Collections.java:2351) ~[?:?]
	at net.minecraftforge.fml.config.ConfigTracker.unloadConfigs(ConfigTracker.java:55) ~[fmlcore-1.19.2-43.3.5.jar%23662!/:?]
	at net.minecraftforge.server.ServerLifecycleHooks.handleServerStopped(ServerLifecycleHooks.java:137) ~[forge-1.19.2-43.3.5-universal.jar%23666!/:?]
	at net.minecraft.server.MinecraftServer.m_130011_(MinecraftServer.java:690) ~[server-1.19.2-20220805.130853-srg.jar%23661!/:?]
	at net.minecraft.server.MinecraftServer.m_206580_(MinecraftServer.java:244) ~[server-1.19.2-20220805.130853-srg.jar%23661!/:?]
	at java.lang.Thread.run(Thread.java:1583) [?:?]
[22Mar2025 00:23:55.291] [Server thread/ERROR] [fuzs.nightconfigfixes.config.CheckedConfigFileTypeHandler/]: Failed to remove config /home/bryan/Minecraft-Medieval-RPG/config/dynamictrees-server.toml from tracker!
java.lang.NullPointerException: Cannot read field "watchedFileCount" because "watchedDir" is null
	at com.electronwill.nightconfig.core.file.FileWatcher.removeWatch(FileWatcher.java:134) ~[core-3.6.4.jar%2356!/:?]
	at fuzs.nightconfigfixes.config.CheckedConfigFileTypeHandler.unload(CheckedConfigFileTypeHandler.java:137) ~[NightConfigFixes-v4.0.7-1.19.2-Forge.jar%23566!/:4.0.7]
	at net.minecraftforge.fml.config.ConfigTracker.closeConfig(ConfigTracker.java:70) ~[fmlcore-1.19.2-43.3.5.jar%23662!/:?]
	at net.minecraftforge.fml.config.ConfigTracker.lambda$unloadConfigs$2(ConfigTracker.java:55) ~[fmlcore-1.19.2-43.3.5.jar%23662!/:?]
	at java.lang.Iterable.forEach(Iterable.java:75) ~[?:?]
	at java.util.Collections$SynchronizedCollection.forEach(Collections.java:2351) ~[?:?]
	at net.minecraftforge.fml.config.ConfigTracker.unloadConfigs(ConfigTracker.java:55) ~[fmlcore-1.19.2-43.3.5.jar%23662!/:?]
	at net.minecraftforge.server.ServerLifecycleHooks.handleServerStopped(ServerLifecycleHooks.java:137) ~[forge-1.19.2-43.3.5-universal.jar%23666!/:?]
	at net.minecraft.server.MinecraftServer.m_130011_(MinecraftServer.java:690) ~[server-1.19.2-20220805.130853-srg.jar%23661!/:?]
	at net.minecraft.server.MinecraftServer.m_206580_(MinecraftServer.java:244) ~[server-1.19.2-20220805.130853-srg.jar%23661!/:?]
	at java.lang.Thread.run(Thread.java:1583) [?:?]
[22Mar2025 00:23:55.292] [Server thread/ERROR] [fuzs.nightconfigfixes.config.CheckedConfigFileTypeHandler/]: Failed to remove config /home/bryan/Minecraft-Medieval-RPG/config/jei-server.toml from tracker!
java.lang.NullPointerException: Cannot read field "watchedFileCount" because "watchedDir" is null
	at com.electronwill.nightconfig.core.file.FileWatcher.removeWatch(FileWatcher.java:134) ~[core-3.6.4.jar%2356!/:?]
	at fuzs.nightconfigfixes.config.CheckedConfigFileTypeHandler.unload(CheckedConfigFileTypeHandler.java:137) ~[NightConfigFixes-v4.0.7-1.19.2-Forge.jar%23566!/:4.0.7]
	at net.minecraftforge.fml.config.ConfigTracker.closeConfig(ConfigTracker.java:70) ~[fmlcore-1.19.2-43.3.5.jar%23662!/:?]
	at net.minecraftforge.fml.config.ConfigTracker.lambda$unloadConfigs$2(ConfigTracker.java:55) ~[fmlcore-1.19.2-43.3.5.jar%23662!/:?]
	at java.lang.Iterable.forEach(Iterable.java:75) ~[?:?]
	at java.util.Collections$SynchronizedCollection.forEach(Collections.java:2351) ~[?:?]
	at net.minecraftforge.fml.config.ConfigTracker.unloadConfigs(ConfigTracker.java:55) ~[fmlcore-1.19.2-43.3.5.jar%23662!/:?]
	at net.minecraftforge.server.ServerLifecycleHooks.handleServerStopped(ServerLifecycleHooks.java:137) ~[forge-1.19.2-43.3.5-universal.jar%23666!/:?]
	at net.minecraft.server.MinecraftServer.m_130011_(MinecraftServer.java:690) ~[server-1.19.2-20220805.130853-srg.jar%23661!/:?]
	at net.minecraft.server.MinecraftServer.m_206580_(MinecraftServer.java:244) ~[server-1.19.2-20220805.130853-srg.jar%23661!/:?]
	at java.lang.Thread.run(Thread.java:1583) [?:?]
[22Mar2025 00:23:55.296] [Server thread/ERROR] [fuzs.nightconfigfixes.config.CheckedConfigFileTypeHandler/]: Failed to remove config /home/bryan/Minecraft-Medieval-RPG/config/pehkui-server.toml from tracker!
java.lang.NullPointerException: Cannot read field "watchedFileCount" because "watchedDir" is null
	at com.electronwill.nightconfig.core.file.FileWatcher.removeWatch(FileWatcher.java:134) ~[core-3.6.4.jar%2356!/:?]
	at fuzs.nightconfigfixes.config.CheckedConfigFileTypeHandler.unload(CheckedConfigFileTypeHandler.java:137) ~[NightConfigFixes-v4.0.7-1.19.2-Forge.jar%23566!/:4.0.7]
	at net.minecraftforge.fml.config.ConfigTracker.closeConfig(ConfigTracker.java:70) ~[fmlcore-1.19.2-43.3.5.jar%23662!/:?]
	at net.minecraftforge.fml.config.ConfigTracker.lambda$unloadConfigs$2(ConfigTracker.java:55) ~[fmlcore-1.19.2-43.3.5.jar%23662!/:?]
	at java.lang.Iterable.forEach(Iterable.java:75) ~[?:?]
	at java.util.Collections$SynchronizedCollection.forEach(Collections.java:2351) ~[?:?]
	at net.minecraftforge.fml.config.ConfigTracker.unloadConfigs(ConfigTracker.java:55) ~[fmlcore-1.19.2-43.3.5.jar%23662!/:?]
	at net.minecraftforge.server.ServerLifecycleHooks.handleServerStopped(ServerLifecycleHooks.java:137) ~[forge-1.19.2-43.3.5-universal.jar%23666!/:?]
	at net.minecraft.server.MinecraftServer.m_130011_(MinecraftServer.java:690) ~[server-1.19.2-20220805.130853-srg.jar%23661!/:?]
	at net.minecraft.server.MinecraftServer.m_206580_(MinecraftServer.java:244) ~[server-1.19.2-20220805.130853-srg.jar%23661!/:?]
	at java.lang.Thread.run(Thread.java:1583) [?:?]
[22Mar2025 00:23:55.297] [Server thread/ERROR] [fuzs.nightconfigfixes.config.CheckedConfigFileTypeHandler/]: Failed to remove config /home/bryan/Minecraft-Medieval-RPG/config/forge-server.toml from tracker!
java.lang.NullPointerException: Cannot read field "watchedFileCount" because "watchedDir" is null
	at com.electronwill.nightconfig.core.file.FileWatcher.removeWatch(FileWatcher.java:134) ~[core-3.6.4.jar%2356!/:?]
	at fuzs.nightconfigfixes.config.CheckedConfigFileTypeHandler.unload(CheckedConfigFileTypeHandler.java:137) ~[NightConfigFixes-v4.0.7-1.19.2-Forge.jar%23566!/:4.0.7]
	at net.minecraftforge.fml.config.ConfigTracker.closeConfig(ConfigTracker.java:70) ~[fmlcore-1.19.2-43.3.5.jar%23662!/:?]
	at net.minecraftforge.fml.config.ConfigTracker.lambda$unloadConfigs$2(ConfigTracker.java:55) ~[fmlcore-1.19.2-43.3.5.jar%23662!/:?]
	at java.lang.Iterable.forEach(Iterable.java:75) ~[?:?]
	at java.util.Collections$SynchronizedCollection.forEach(Collections.java:2351) ~[?:?]
	at net.minecraftforge.fml.config.ConfigTracker.unloadConfigs(ConfigTracker.java:55) ~[fmlcore-1.19.2-43.3.5.jar%23662!/:?]
	at net.minecraftforge.server.ServerLifecycleHooks.handleServerStopped(ServerLifecycleHooks.java:137) ~[forge-1.19.2-43.3.5-universal.jar%23666!/:?]
	at net.minecraft.server.MinecraftServer.m_130011_(MinecraftServer.java:690) ~[server-1.19.2-20220805.130853-srg.jar%23661!/:?]
	at net.minecraft.server.MinecraftServer.m_206580_(MinecraftServer.java:244) ~[server-1.19.2-20220805.130853-srg.jar%23661!/:?]
	at java.lang.Thread.run(Thread.java:1583) [?:?]
[22Mar2025 00:23:55.298] [Server thread/ERROR] [fuzs.nightconfigfixes.config.CheckedConfigFileTypeHandler/]: Failed to remove config /home/bryan/Minecraft-Medieval-RPG/config/structurize-server.toml from tracker!
java.lang.NullPointerException: Cannot read field "watchedFileCount" because "watchedDir" is null
	at com.electronwill.nightconfig.core.file.FileWatcher.removeWatch(FileWatcher.java:134) ~[core-3.6.4.jar%2356!/:?]
	at fuzs.nightconfigfixes.config.CheckedConfigFileTypeHandler.unload(CheckedConfigFileTypeHandler.java:137) ~[NightConfigFixes-v4.0.7-1.19.2-Forge.jar%23566!/:4.0.7]
	at net.minecraftforge.fml.config.ConfigTracker.closeConfig(ConfigTracker.java:70) ~[fmlcore-1.19.2-43.3.5.jar%23662!/:?]
	at net.minecraftforge.fml.config.ConfigTracker.lambda$unloadConfigs$2(ConfigTracker.java:55) ~[fmlcore-1.19.2-43.3.5.jar%23662!/:?]
	at java.lang.Iterable.forEach(Iterable.java:75) ~[?:?]
	at java.util.Collections$SynchronizedCollection.forEach(Collections.java:2351) ~[?:?]
	at net.minecraftforge.fml.config.ConfigTracker.unloadConfigs(ConfigTracker.java:55) ~[fmlcore-1.19.2-43.3.5.jar%23662!/:?]
	at net.minecraftforge.server.ServerLifecycleHooks.handleServerStopped(ServerLifecycleHooks.java:137) ~[forge-1.19.2-43.3.5-universal.jar%23666!/:?]
	at net.minecraft.server.MinecraftServer.m_130011_(MinecraftServer.java:690) ~[server-1.19.2-20220805.130853-srg.jar%23661!/:?]
	at net.minecraft.server.MinecraftServer.m_206580_(MinecraftServer.java:244) ~[server-1.19.2-20220805.130853-srg.jar%23661!/:?]
	at java.lang.Thread.run(Thread.java:1583) [?:?]
[22Mar2025 00:23:55.299] [Server thread/ERROR] [fuzs.nightconfigfixes.config.CheckedConfigFileTypeHandler/]: Failed to remove config /home/bryan/Minecraft-Medieval-RPG/config/upgradednetherite_ultimate-server.toml from tracker!
java.lang.NullPointerException: Cannot read field "watchedFileCount" because "watchedDir" is null
	at com.electronwill.nightconfig.core.file.FileWatcher.removeWatch(FileWatcher.java:134) ~[core-3.6.4.jar%2356!/:?]
	at fuzs.nightconfigfixes.config.CheckedConfigFileTypeHandler.unload(CheckedConfigFileTypeHandler.java:137) ~[NightConfigFixes-v4.0.7-1.19.2-Forge.jar%23566!/:4.0.7]
	at net.minecraftforge.fml.config.ConfigTracker.closeConfig(ConfigTracker.java:70) ~[fmlcore-1.19.2-43.3.5.jar%23662!/:?]
	at net.minecraftforge.fml.config.ConfigTracker.lambda$unloadConfigs$2(ConfigTracker.java:55) ~[fmlcore-1.19.2-43.3.5.jar%23662!/:?]
	at java.lang.Iterable.forEach(Iterable.java:75) ~[?:?]
	at java.util.Collections$SynchronizedCollection.forEach(Collections.java:2351) ~[?:?]
	at net.minecraftforge.fml.config.ConfigTracker.unloadConfigs(ConfigTracker.java:55) ~[fmlcore-1.19.2-43.3.5.jar%23662!/:?]
	at net.minecraftforge.server.ServerLifecycleHooks.handleServerStopped(ServerLifecycleHooks.java:137) ~[forge-1.19.2-43.3.5-universal.jar%23666!/:?]
	at net.minecraft.server.MinecraftServer.m_130011_(MinecraftServer.java:690) ~[server-1.19.2-20220805.130853-srg.jar%23661!/:?]
	at net.minecraft.server.MinecraftServer.m_206580_(MinecraftServer.java:244) ~[server-1.19.2-20220805.130853-srg.jar%23661!/:?]
	at java.lang.Thread.run(Thread.java:1583) [?:?]
[22Mar2025 00:23:55.300] [Server thread/ERROR] [fuzs.nightconfigfixes.config.CheckedConfigFileTypeHandler/]: Failed to remove config /home/bryan/Minecraft-Medieval-RPG/config/xptome-server.toml from tracker!
java.lang.NullPointerException: Cannot read field "watchedFileCount" because "watchedDir" is null
	at com.electronwill.nightconfig.core.file.FileWatcher.removeWatch(FileWatcher.java:134) ~[core-3.6.4.jar%2356!/:?]
	at fuzs.nightconfigfixes.config.CheckedConfigFileTypeHandler.unload(CheckedConfigFileTypeHandler.java:137) ~[NightConfigFixes-v4.0.7-1.19.2-Forge.jar%23566!/:4.0.7]
	at net.minecraftforge.fml.config.ConfigTracker.closeConfig(ConfigTracker.java:70) ~[fmlcore-1.19.2-43.3.5.jar%23662!/:?]
	at net.minecraftforge.fml.config.ConfigTracker.lambda$unloadConfigs$2(ConfigTracker.java:55) ~[fmlcore-1.19.2-43.3.5.jar%23662!/:?]
	at java.lang.Iterable.forEach(Iterable.java:75) ~[?:?]
	at java.util.Collections$SynchronizedCollection.forEach(Collections.java:2351) ~[?:?]
	at net.minecraftforge.fml.config.ConfigTracker.unloadConfigs(ConfigTracker.java:55) ~[fmlcore-1.19.2-43.3.5.jar%23662!/:?]
	at net.minecraftforge.server.ServerLifecycleHooks.handleServerStopped(ServerLifecycleHooks.java:137) ~[forge-1.19.2-43.3.5-universal.jar%23666!/:?]
	at net.minecraft.server.MinecraftServer.m_130011_(MinecraftServer.java:690) ~[server-1.19.2-20220805.130853-srg.jar%23661!/:?]
	at net.minecraft.server.MinecraftServer.m_206580_(MinecraftServer.java:244) ~[server-1.19.2-20220805.130853-srg.jar%23661!/:?]
	at java.lang.Thread.run(Thread.java:1583) [?:?]
[22Mar2025 00:23:55.302] [Server thread/ERROR] [fuzs.nightconfigfixes.config.CheckedConfigFileTypeHandler/]: Failed to remove config /home/bryan/Minecraft-Medieval-RPG/config/whisperwoods-server.toml from tracker!
java.lang.NullPointerException: Cannot read field "watchedFileCount" because "watchedDir" is null
	at com.electronwill.nightconfig.core.file.FileWatcher.removeWatch(FileWatcher.java:134) ~[core-3.6.4.jar%2356!/:?]
	at fuzs.nightconfigfixes.config.CheckedConfigFileTypeHandler.unload(CheckedConfigFileTypeHandler.java:137) ~[NightConfigFixes-v4.0.7-1.19.2-Forge.jar%23566!/:4.0.7]
	at net.minecraftforge.fml.config.ConfigTracker.closeConfig(ConfigTracker.java:70) ~[fmlcore-1.19.2-43.3.5.jar%23662!/:?]
	at net.minecraftforge.fml.config.ConfigTracker.lambda$unloadConfigs$2(ConfigTracker.java:55) ~[fmlcore-1.19.2-43.3.5.jar%23662!/:?]
	at java.lang.Iterable.forEach(Iterable.java:75) ~[?:?]
	at java.util.Collections$SynchronizedCollection.forEach(Collections.java:2351) ~[?:?]
	at net.minecraftforge.fml.config.ConfigTracker.unloadConfigs(ConfigTracker.java:55) ~[fmlcore-1.19.2-43.3.5.jar%23662!/:?]
	at net.minecraftforge.server.ServerLifecycleHooks.handleServerStopped(ServerLifecycleHooks.java:137) ~[forge-1.19.2-43.3.5-universal.jar%23666!/:?]
	at net.minecraft.server.MinecraftServer.m_130011_(MinecraftServer.java:690) ~[server-1.19.2-20220805.130853-srg.jar%23661!/:?]
	at net.minecraft.server.MinecraftServer.m_206580_(MinecraftServer.java:244) ~[server-1.19.2-20220805.130853-srg.jar%23661!/:?]
	at java.lang.Thread.run(Thread.java:1583) [?:?]
[22Mar2025 00:23:55.304] [Server thread/ERROR] [fuzs.nightconfigfixes.config.CheckedConfigFileTypeHandler/]: Failed to remove config /home/bryan/Minecraft-Medieval-RPG/config/sophisticatedbackpacks-server.toml from tracker!
java.lang.NullPointerException: Cannot read field "watchedFileCount" because "watchedDir" is null
	at com.electronwill.nightconfig.core.file.FileWatcher.removeWatch(FileWatcher.java:134) ~[core-3.6.4.jar%2356!/:?]
	at fuzs.nightconfigfixes.config.CheckedConfigFileTypeHandler.unload(CheckedConfigFileTypeHandler.java:137) ~[NightConfigFixes-v4.0.7-1.19.2-Forge.jar%23566!/:4.0.7]
	at net.minecraftforge.fml.config.ConfigTracker.closeConfig(ConfigTracker.java:70) ~[fmlcore-1.19.2-43.3.5.jar%23662!/:?]
	at net.minecraftforge.fml.config.ConfigTracker.lambda$unloadConfigs$2(ConfigTracker.java:55) ~[fmlcore-1.19.2-43.3.5.jar%23662!/:?]
	at java.lang.Iterable.forEach(Iterable.java:75) ~[?:?]
	at java.util.Collections$SynchronizedCollection.forEach(Collections.java:2351) ~[?:?]
	at net.minecraftforge.fml.config.ConfigTracker.unloadConfigs(ConfigTracker.java:55) ~[fmlcore-1.19.2-43.3.5.jar%23662!/:?]
	at net.minecraftforge.server.ServerLifecycleHooks.handleServerStopped(ServerLifecycleHooks.java:137) ~[forge-1.19.2-43.3.5-universal.jar%23666!/:?]
	at net.minecraft.server.MinecraftServer.m_130011_(MinecraftServer.java:690) ~[server-1.19.2-20220805.130853-srg.jar%23661!/:?]
	at net.minecraft.server.MinecraftServer.m_206580_(MinecraftServer.java:244) ~[server-1.19.2-20220805.130853-srg.jar%23661!/:?]
	at java.lang.Thread.run(Thread.java:1583) [?:?]
[22Mar2025 00:23:55.305] [Server thread/ERROR] [fuzs.nightconfigfixes.config.CheckedConfigFileTypeHandler/]: Failed to remove config /home/bryan/Minecraft-Medieval-RPG/config/getittogetherdrops-server.toml from tracker!
java.lang.NullPointerException: Cannot read field "watchedFileCount" because "watchedDir" is null
	at com.electronwill.nightconfig.core.file.FileWatcher.removeWatch(FileWatcher.java:134) ~[core-3.6.4.jar%2356!/:?]
	at fuzs.nightconfigfixes.config.CheckedConfigFileTypeHandler.unload(CheckedConfigFileTypeHandler.java:137) ~[NightConfigFixes-v4.0.7-1.19.2-Forge.jar%23566!/:4.0.7]
	at net.minecraftforge.fml.config.ConfigTracker.closeConfig(ConfigTracker.java:70) ~[fmlcore-1.19.2-43.3.5.jar%23662!/:?]
	at net.minecraftforge.fml.config.ConfigTracker.lambda$unloadConfigs$2(ConfigTracker.java:55) ~[fmlcore-1.19.2-43.3.5.jar%23662!/:?]
	at java.lang.Iterable.forEach(Iterable.java:75) ~[?:?]
	at java.util.Collections$SynchronizedCollection.forEach(Collections.java:2351) ~[?:?]
	at net.minecraftforge.fml.config.ConfigTracker.unloadConfigs(ConfigTracker.java:55) ~[fmlcore-1.19.2-43.3.5.jar%23662!/:?]
	at net.minecraftforge.server.ServerLifecycleHooks.handleServerStopped(ServerLifecycleHooks.java:137) ~[forge-1.19.2-43.3.5-universal.jar%23666!/:?]
	at net.minecraft.server.MinecraftServer.m_130011_(MinecraftServer.java:690) ~[server-1.19.2-20220805.130853-srg.jar%23661!/:?]
	at net.minecraft.server.MinecraftServer.m_206580_(MinecraftServer.java:244) ~[server-1.19.2-20220805.130853-srg.jar%23661!/:?]
	at java.lang.Thread.run(Thread.java:1583) [?:?]
[22Mar2025 00:23:55.306] [Server thread/ERROR] [fuzs.nightconfigfixes.config.CheckedConfigFileTypeHandler/]: Failed to remove config /home/bryan/Minecraft-Medieval-RPG/config/aether-server.toml from tracker!
java.lang.NullPointerException: Cannot read field "watchedFileCount" because "watchedDir" is null
	at com.electronwill.nightconfig.core.file.FileWatcher.removeWatch(FileWatcher.java:134) ~[core-3.6.4.jar%2356!/:?]
	at fuzs.nightconfigfixes.config.CheckedConfigFileTypeHandler.unload(CheckedConfigFileTypeHandler.java:137) ~[NightConfigFixes-v4.0.7-1.19.2-Forge.jar%23566!/:4.0.7]
	at net.minecraftforge.fml.config.ConfigTracker.closeConfig(ConfigTracker.java:70) ~[fmlcore-1.19.2-43.3.5.jar%23662!/:?]
	at net.minecraftforge.fml.config.ConfigTracker.lambda$unloadConfigs$2(ConfigTracker.java:55) ~[fmlcore-1.19.2-43.3.5.jar%23662!/:?]
	at java.lang.Iterable.forEach(Iterable.java:75) ~[?:?]
	at java.util.Collections$SynchronizedCollection.forEach(Collections.java:2351) ~[?:?]
	at net.minecraftforge.fml.config.ConfigTracker.unloadConfigs(ConfigTracker.java:55) ~[fmlcore-1.19.2-43.3.5.jar%23662!/:?]
	at net.minecraftforge.server.ServerLifecycleHooks.handleServerStopped(ServerLifecycleHooks.java:137) ~[forge-1.19.2-43.3.5-universal.jar%23666!/:?]
	at net.minecraft.server.MinecraftServer.m_130011_(MinecraftServer.java:690) ~[server-1.19.2-20220805.130853-srg.jar%23661!/:?]
	at net.minecraft.server.MinecraftServer.m_206580_(MinecraftServer.java:244) ~[server-1.19.2-20220805.130853-srg.jar%23661!/:?]
	at java.lang.Thread.run(Thread.java:1583) [?:?]
[22Mar2025 00:23:55.346] [Server thread/ERROR] [fuzs.nightconfigfixes.config.CheckedConfigFileTypeHandler/]: Failed to remove config /home/bryan/Minecraft-Medieval-RPG/config/easy_villagers-server.toml from tracker!
java.lang.NullPointerException: Cannot read field "watchedFileCount" because "watchedDir" is null
	at com.electronwill.nightconfig.core.file.FileWatcher.removeWatch(FileWatcher.java:134) ~[core-3.6.4.jar%2356!/:?]
	at fuzs.nightconfigfixes.config.CheckedConfigFileTypeHandler.unload(CheckedConfigFileTypeHandler.java:137) ~[NightConfigFixes-v4.0.7-1.19.2-Forge.jar%23566!/:4.0.7]
	at net.minecraftforge.fml.config.ConfigTracker.closeConfig(ConfigTracker.java:70) ~[fmlcore-1.19.2-43.3.5.jar%23662!/:?]
	at net.minecraftforge.fml.config.ConfigTracker.lambda$unloadConfigs$2(ConfigTracker.java:55) ~[fmlcore-1.19.2-43.3.5.jar%23662!/:?]
	at java.lang.Iterable.forEach(Iterable.java:75) ~[?:?]
	at java.util.Collections$SynchronizedCollection.forEach(Collections.java:2351) ~[?:?]
	at net.minecraftforge.fml.config.ConfigTracker.unloadConfigs(ConfigTracker.java:55) ~[fmlcore-1.19.2-43.3.5.jar%23662!/:?]
	at net.minecraftforge.server.ServerLifecycleHooks.handleServerStopped(ServerLifecycleHooks.java:137) ~[forge-1.19.2-43.3.5-universal.jar%23666!/:?]
	at net.minecraft.server.MinecraftServer.m_130011_(MinecraftServer.java:690) ~[server-1.19.2-20220805.130853-srg.jar%23661!/:?]
	at net.minecraft.server.MinecraftServer.m_206580_(MinecraftServer.java:244) ~[server-1.19.2-20220805.130853-srg.jar%23661!/:?]
	at java.lang.Thread.run(Thread.java:1583) [?:?]
[22Mar2025 00:23:55.357] [Server thread/ERROR] [fuzs.nightconfigfixes.config.CheckedConfigFileTypeHandler/]: Failed to remove config /home/bryan/Minecraft-Medieval-RPG/config/minecolonies-server.toml from tracker!
java.lang.NullPointerException: Cannot read field "watchedFileCount" because "watchedDir" is null
	at com.electronwill.nightconfig.core.file.FileWatcher.removeWatch(FileWatcher.java:134) ~[core-3.6.4.jar%2356!/:?]
	at fuzs.nightconfigfixes.config.CheckedConfigFileTypeHandler.unload(CheckedConfigFileTypeHandler.java:137) ~[NightConfigFixes-v4.0.7-1.19.2-Forge.jar%23566!/:4.0.7]
	at net.minecraftforge.fml.config.ConfigTracker.closeConfig(ConfigTracker.java:70) ~[fmlcore-1.19.2-43.3.5.jar%23662!/:?]
	at net.minecraftforge.fml.config.ConfigTracker.lambda$unloadConfigs$2(ConfigTracker.java:55) ~[fmlcore-1.19.2-43.3.5.jar%23662!/:?]
	at java.lang.Iterable.forEach(Iterable.java:75) ~[?:?]
	at java.util.Collections$SynchronizedCollection.forEach(Collections.java:2351) ~[?:?]
	at net.minecraftforge.fml.config.ConfigTracker.unloadConfigs(ConfigTracker.java:55) ~[fmlcore-1.19.2-43.3.5.jar%23662!/:?]
	at net.minecraftforge.server.ServerLifecycleHooks.handleServerStopped(ServerLifecycleHooks.java:137) ~[forge-1.19.2-43.3.5-universal.jar%23666!/:?]
	at net.minecraft.server.MinecraftServer.m_130011_(MinecraftServer.java:690) ~[server-1.19.2-20220805.130853-srg.jar%23661!/:?]
	at net.minecraft.server.MinecraftServer.m_206580_(MinecraftServer.java:244) ~[server-1.19.2-20220805.130853-srg.jar%23661!/:?]
	at java.lang.Thread.run(Thread.java:1583) [?:?]
[22Mar2025 00:23:55.359] [Server thread/ERROR] [fuzs.nightconfigfixes.config.CheckedConfigFileTypeHandler/]: Failed to remove config /home/bryan/Minecraft-Medieval-RPG/config/irons_spellbooks-server.toml from tracker!
java.lang.NullPointerException: Cannot read field "watchedFileCount" because "watchedDir" is null
	at com.electronwill.nightconfig.core.file.FileWatcher.removeWatch(FileWatcher.java:134) ~[core-3.6.4.jar%2356!/:?]
	at fuzs.nightconfigfixes.config.CheckedConfigFileTypeHandler.unload(CheckedConfigFileTypeHandler.java:137) ~[NightConfigFixes-v4.0.7-1.19.2-Forge.jar%23566!/:4.0.7]
	at net.minecraftforge.fml.config.ConfigTracker.closeConfig(ConfigTracker.java:70) ~[fmlcore-1.19.2-43.3.5.jar%23662!/:?]
	at net.minecraftforge.fml.config.ConfigTracker.lambda$unloadConfigs$2(ConfigTracker.java:55) ~[fmlcore-1.19.2-43.3.5.jar%23662!/:?]
	at java.lang.Iterable.forEach(Iterable.java:75) ~[?:?]
	at java.util.Collections$SynchronizedCollection.forEach(Collections.java:2351) ~[?:?]
	at net.minecraftforge.fml.config.ConfigTracker.unloadConfigs(ConfigTracker.java:55) ~[fmlcore-1.19.2-43.3.5.jar%23662!/:?]
	at net.minecraftforge.server.ServerLifecycleHooks.handleServerStopped(ServerLifecycleHooks.java:137) ~[forge-1.19.2-43.3.5-universal.jar%23666!/:?]
	at net.minecraft.server.MinecraftServer.m_130011_(MinecraftServer.java:690) ~[server-1.19.2-20220805.130853-srg.jar%23661!/:?]
	at net.minecraft.server.MinecraftServer.m_206580_(MinecraftServer.java:244) ~[server-1.19.2-20220805.130853-srg.jar%23661!/:?]
	at java.lang.Thread.run(Thread.java:1583) [?:?]
